// Jest Snapshot v1, https://goo.gl/fbAQLP

exports[`src/screens/AccountSetup should render 1`] = `
<View
  style={
    Object {
      "backgroundColor": "#fff",
      "flex": 1,
      "paddingTop": 20,
    }
  }
>
  <View
    style={
      Object {
        "flex": 1,
        "justifyContent": "center",
        "width": "100%",
      }
    }
  >
    <RCTScrollView
      data={
        Array [
          <AgeSetup
            name="John"
          />,
          <Done
            year={60}
          />,
          <Done
            name="John"
            place="Roseville - California"
          />,
        ]
      }
      disableVirtualization={false}
      getItem={[Function]}
      getItemCount={[Function]}
      horizontal={true}
      initialNumToRender={10}
      keyExtractor={[Function]}
      maxToRenderPerBatch={10}
      numColumns={1}
      onContentSizeChange={[Function]}
      onEndReachedThreshold={2}
      onLayout={[Function]}
      onMomentumScrollEnd={[Function]}
      onScroll={[Function]}
      onScrollBeginDrag={[Function]}
      onScrollEndDrag={[Function]}
      onViewableItemsChanged={[Function]}
      pagingEnabled={true}
      renderItem={[Function]}
      scrollEnabled={false}
      scrollEventThrottle={50}
      showsHorizontalScrollIndicator={false}
      stickyHeaderIndices={Array []}
      updateCellsBatchingPeriod={50}
      viewabilityConfigCallbackPairs={
        Array [
          Object {
            "onViewableItemsChanged": [Function],
            "viewabilityConfig": undefined,
          },
        ]
      }
      windowSize={21}
    >
      <View>
        <View
          onLayout={[Function]}
          style={
            Array [
              Object {
                "flexDirection": "row",
              },
              null,
            ]
          }
        >
          <View
            style={
              Array [
                Object {
                  "alignItems": "center",
                  "flex": 1,
                  "flexDirection": "column",
                },
                Object {
                  "height": 1334,
                  "justifyContent": "center",
                  "paddingTop": 0,
                  "width": 750,
                },
              ]
            }
          >
            <View
              style={
                Object {
                  "alignItems": "center",
                  "flex": 1,
                  "margin": 10,
                  "textAlign": "center",
                }
              }
            >
              <View
                style={
                  Object {
                    "marginHorizontal": 50,
                  }
                }
              >
                <Text
                  style={
                    Object {
                      "textAlign": "center",
                    }
                  }
                >
                  Hi John üëã
                </Text>
                <Text
                  style={
                    Object {
                      "textAlign": "center",
                    }
                  }
                >
                  That's a great name! Now, let's meet properly to get you started
                </Text>
              </View>
              <Text
                style={
                  Object {
                    "textAlign": "center",
                  }
                }
              >
                When di you saw this beautiful Earth for the first time?
              </Text>
            </View>
          </View>
        </View>
        <View
          onLayout={[Function]}
          style={
            Array [
              Object {
                "flexDirection": "row",
              },
              null,
            ]
          }
        >
          <View
            style={
              Array [
                Object {
                  "alignItems": "center",
                  "flex": 1,
                  "flexDirection": "column",
                },
                Object {
                  "height": 1334,
                  "justifyContent": "center",
                  "paddingTop": 0,
                  "width": 750,
                },
              ]
            }
          >
            <View>
              <Text>
                The 60's! Awesome! üôå
              </Text>
              <Text>
                What a great era for this legend to begin.
              </Text>
              <Text>
                Where in the world did you happen to born?
              </Text>
            </View>
          </View>
        </View>
        <View
          onLayout={[Function]}
          style={
            Array [
              Object {
                "flexDirection": "row",
              },
              null,
            ]
          }
        >
          <View
            style={
              Array [
                Object {
                  "alignItems": "center",
                  "flex": 1,
                  "flexDirection": "column",
                },
                Object {
                  "height": 1334,
                  "justifyContent": "center",
                  "paddingTop": 0,
                  "width": 750,
                },
              ]
            }
          >
            <View>
              <Text>
                Alrighty, John from Roseville - California, Nice to meet you ü§ù
              </Text>
              <Text>
                This is where we start our journey of writing your incredible story
              </Text>
            </View>
          </View>
        </View>
      </View>
    </RCTScrollView>
    <View
      style={
        Object {
          "backgroundColor": "#c3c3c3",
          "height": 50,
          "padding": 10,
          "width": "100%",
        }
      }
    >
      <View
        accessibilityComponentType="button"
        accessibilityTraits={
          Array [
            "button",
          ]
        }
        accessible={true}
        isTVSelectable={true}
        onResponderGrant={[Function]}
        onResponderMove={[Function]}
        onResponderRelease={[Function]}
        onResponderTerminate={[Function]}
        onResponderTerminationRequest={[Function]}
        onStartShouldSetResponder={[Function]}
        style={
          Object {
            "opacity": 1,
          }
        }
      >
        <View
          style={
            Array [
              Object {},
            ]
          }
        >
          <Text
            style={
              Array [
                Object {
                  "color": "#007AFF",
                  "fontSize": 18,
                  "padding": 8,
                  "textAlign": "center",
                },
              ]
            }
          >
            Continue
          </Text>
        </View>
      </View>
    </View>
  </View>
</View>
`;
