// Jest Snapshot v1, https://goo.gl/fbAQLP

exports[`src/screens/Stepper should render 1`] = `
<View
  style={
    Object {
      "flex": 1,
      "justifyContent": "flex-start",
    }
  }
>
  <RCTScrollView
    data={
      Array [
        <Step />,
        <Step />,
        <Step />,
      ]
    }
    disableVirtualization={false}
    getItem={[Function]}
    getItemCount={[Function]}
    horizontal={true}
    initialNumToRender={10}
    keyExtractor={[Function]}
    maxToRenderPerBatch={10}
    numColumns={1}
    onContentSizeChange={[Function]}
    onEndReachedThreshold={2}
    onLayout={[Function]}
    onMomentumScrollEnd={[Function]}
    onScroll={[Function]}
    onScrollBeginDrag={[Function]}
    onScrollEndDrag={[Function]}
    onViewableItemsChanged={[Function]}
    pagingEnabled={true}
    renderItem={[Function]}
    scrollEventThrottle={50}
    showsHorizontalScrollIndicator={false}
    stickyHeaderIndices={Array []}
    updateCellsBatchingPeriod={50}
    viewabilityConfigCallbackPairs={
      Array [
        Object {
          "onViewableItemsChanged": [Function],
          "viewabilityConfig": undefined,
        },
      ]
    }
    windowSize={21}
  >
    <View>
      <View
        onLayout={[Function]}
        style={
          Array [
            Object {
              "flexDirection": "row",
            },
            null,
          ]
        }
      >
        <View
          style={
            Array [
              Object {
                "alignItems": "center",
                "flex": 1,
              },
              Object {
                "height": 1334,
                "justifyContent": "flex-start",
                "paddingTop": 50,
                "width": 750,
              },
            ]
          }
        >
          <div>
            step
          </div>
        </View>
      </View>
      <View
        onLayout={[Function]}
        style={
          Array [
            Object {
              "flexDirection": "row",
            },
            null,
          ]
        }
      >
        <View
          style={
            Array [
              Object {
                "alignItems": "center",
                "flex": 1,
              },
              Object {
                "height": 1334,
                "justifyContent": "flex-start",
                "paddingTop": 50,
                "width": 750,
              },
            ]
          }
        >
          <div>
            step
          </div>
        </View>
      </View>
      <View
        onLayout={[Function]}
        style={
          Array [
            Object {
              "flexDirection": "row",
            },
            null,
          ]
        }
      >
        <View
          style={
            Array [
              Object {
                "alignItems": "center",
                "flex": 1,
              },
              Object {
                "height": 1334,
                "justifyContent": "flex-start",
                "paddingTop": 50,
                "width": 750,
              },
            ]
          }
        >
          <div>
            step
          </div>
        </View>
      </View>
    </View>
  </RCTScrollView>
</View>
`;
