// Jest Snapshot v1, https://goo.gl/fbAQLP

exports[`src/screens/Language.js should render 1`] = `
<View
  style={
    Array [
      Object {
        "backgroundColor": "#F6F7F9",
        "flex": 1,
      },
      undefined,
      undefined,
    ]
  }
>
  <View
    style={
      Object {
        "alignItems": "center",
        "backgroundColor": "#1E1437",
        "flexDirection": "row",
        "justifyContent": "center",
        "minHeight": 70,
        "paddingTop": 20,
        "width": "100%",
      }
    }
  >
    <Text
      style={
        Object {
          "color": "#fff",
          "fontSize": 20,
          "fontWeight": "bold",
        }
      }
    >
      Language
    </Text>
  </View>
  <View
    style={
      Object {
        "paddingHorizontal": 20,
      }
    }
  >
    <View
      accessible={true}
      isTVSelectable={true}
      onResponderGrant={[Function]}
      onResponderMove={[Function]}
      onResponderRelease={[Function]}
      onResponderTerminate={[Function]}
      onResponderTerminationRequest={[Function]}
      onStartShouldSetResponder={[Function]}
      style={
        Object {
          "opacity": 1,
        }
      }
    >
      <View
        style={
          Array [
            Object {
              "flexDirection": "row",
              "height": 75,
              "width": 340,
            },
          ]
        }
      >
        <View
          style={
            Object {
              "alignItems": "flex-start",
              "flex": 1,
              "justifyContent": "center",
            }
          }
        >
          <Text
            style={
              Array [
                Object {
                  "color": "#313131",
                  "fontFamily": "Karla-Regular",
                  "textAlign": "left",
                },
                Object {
                  "fontSize": 18,
                },
                undefined,
              ]
            }
          >
            English
          </Text>
        </View>
        <View
          style={
            Object {
              "alignItems": "flex-end",
              "alignSelf": "center",
              "height": 35,
              "justifyContent": "center",
              "marginRight": 25,
              "width": 35,
            }
          }
        >
          <Image
            source={
              Object {
                "testUri": "../../../src/assets/chevron/check.png",
              }
            }
            style={
              Object {
                "height": 9.5,
                "width": 13,
              }
            }
          />
        </View>
      </View>
      <View
        style={
          Array [
            Object {
              "backgroundColor": "#D5D3DD",
              "borderColor": "#D5D3DD",
              "borderWidth": 0,
              "height": 1,
              "marginHorizontal": 22,
            },
            Object {
              "marginLeft": 0,
              "width": 323,
            },
          ]
        }
      />
    </View>
    <View
      accessible={true}
      isTVSelectable={true}
      onResponderGrant={[Function]}
      onResponderMove={[Function]}
      onResponderRelease={[Function]}
      onResponderTerminate={[Function]}
      onResponderTerminationRequest={[Function]}
      onStartShouldSetResponder={[Function]}
      style={
        Object {
          "opacity": 1,
        }
      }
    >
      <View
        style={
          Array [
            Object {
              "flexDirection": "row",
              "height": 75,
              "width": 340,
            },
          ]
        }
      >
        <View
          style={
            Object {
              "alignItems": "flex-start",
              "flex": 1,
              "justifyContent": "center",
            }
          }
        >
          <Text
            style={
              Array [
                Object {
                  "color": "#313131",
                  "fontFamily": "Karla-Regular",
                  "textAlign": "left",
                },
                Object {
                  "fontSize": 18,
                },
                undefined,
              ]
            }
          >
            Spanish
          </Text>
        </View>
      </View>
      <View
        style={
          Array [
            Object {
              "backgroundColor": "#D5D3DD",
              "borderColor": "#D5D3DD",
              "borderWidth": 0,
              "height": 1,
              "marginHorizontal": 22,
            },
            Object {
              "marginLeft": 0,
              "width": 323,
            },
          ]
        }
      />
    </View>
  </View>
</View>
`;
