// Jest Snapshot v1, https://goo.gl/fbAQLP

exports[`src/screens/SignUp-2.js should render 1`] = `
<View>
  <Text
    style={
      Array [
        Object {
          "marginTop": 40,
          "textAlign": "center",
        },
      ]
    }
  >
    SignUp-2
  </Text>
  <View
    accessibilityComponentType="button"
    accessibilityTraits={
      Array [
        "button",
      ]
    }
    accessible={true}
    isTVSelectable={true}
    onResponderGrant={[Function]}
    onResponderMove={[Function]}
    onResponderRelease={[Function]}
    onResponderTerminate={[Function]}
    onResponderTerminationRequest={[Function]}
    onStartShouldSetResponder={[Function]}
    style={
      Object {
        "opacity": 1,
      }
    }
  >
    <View
      style={
        Array [
          Object {},
        ]
      }
    >
      <Text
        style={
          Array [
            Object {
              "color": "#007AFF",
              "fontSize": 18,
              "padding": 8,
              "textAlign": "center",
            },
          ]
        }
      >
        to Create Account
      </Text>
    </View>
  </View>
</View>
`;
