// Jest Snapshot v1, https://goo.gl/fbAQLP

exports[`src/screens/SignIn.js should render 1`] = `
<View
  style={
    Array [
      Object {
        "backgroundColor": "#fff",
        "flex": 1,
        "paddingTop": 20,
      },
      undefined,
    ]
  }
>
  <RCTScrollView

    style={
      Object {
        "flex": 1,
      }
    }
  >
    <View>
      <Text
        style={
          Array [
            Object {
              "marginTop": 40,
              "textAlign": "center",
            },
          ]
        }
      >
        Sign in
      </Text>
      <Text
        style={
          Array [
            Object {
              "marginTop": 40,
              "textAlign": "center",
            },
          ]
        }
      >
        Starting this journey is simpler, fast and secure!
      </Text>
      <View
        style={
          Object {
            "borderColor": "#000",
            "borderStyle": "solid",
            "borderWidth": 1,
            "marginBottom": 10,
          }
        }
      >
        <TextInput
          allowFontScaling={true}
          onChangeText={[Function]}
          underlineColorAndroid="transparent"
          value=""
        />
      </View>
      <View
        style={
          Object {
            "borderColor": "#000",
            "borderStyle": "solid",
            "borderWidth": 1,
            "marginBottom": 10,
          }
        }
      >
        <TextInput
          allowFontScaling={true}
          onChangeText={[Function]}
          underlineColorAndroid="transparent"
          value=""
        />
      </View>
      <View
        style={
          Object {
            "borderColor": "#000",
            "borderStyle": "solid",
            "borderWidth": 1,
            "marginBottom": 10,
          }
        }
      >
        <TextInput
          allowFontScaling={true}
          onChangeText={[Function]}
          underlineColorAndroid="transparent"
          value=""
        />
      </View>
      <View
        style={
          Object {
            "borderColor": "#000",
            "borderStyle": "solid",
            "borderWidth": 1,
            "marginBottom": 10,
          }
        }
      >
        <TextInput
          allowFontScaling={true}
          onChangeText={[Function]}
          secureTextEntry={true}
          underlineColorAndroid="transparent"
          value=""
        />
      </View>
      <View
        accessible={true}
        isTVSelectable={true}
        onResponderGrant={[Function]}
        onResponderMove={[Function]}
        onResponderRelease={[Function]}
        onResponderTerminate={[Function]}
        onResponderTerminationRequest={[Function]}
        onStartShouldSetResponder={[Function]}
        style={
          Array [
            undefined,
            Object {
              "borderRadius": 24,
              "borderWidth": 2,
              "height": 50,
              "justifyContent": "center",
              "shadowColor": "#000",
              "shadowOffset": Object {
                "height": 3,
                "width": 0,
              },
            },
            Object {
              "backgroundColor": "#4241B3",
              "borderColor": "#4241B3",
            },
            Object {
              "width": 300,
            },
          ]
        }
      >
        <View
          style={
            Object {
              "alignItems": "center",
              "flex": 1,
              "flexDirection": "row",
              "justifyContent": "center",
            }
          }
        >
          <Text
            style={
              Array [
                Object {
                  "fontSize": 18,
                  "fontWeight": "bold",
                  "textAlign": "center",
                },
                Object {
                  "color": "#fff",
                },
              ]
            }
          >
            Create Account
          </Text>
        </View>
      </View>
    </View>
  </RCTScrollView>
</View>
`;
