// Jest Snapshot v1, https://goo.gl/fbAQLP

exports[`src/screens/SignUp.js should render 1`] = `
<View
  style={
    Object {
      "backgroundColor": "#fff",
      "position": "absolute",
    }
  }
>
  <View
    style={
      Object {
        "backgroundColor": "#fff",
        "flex": 1,
        "paddingTop": 20,
      }
    }
  >
    <View
      style={
        Array [
          Object {
            "flex": 1,
            "flexDirection": "column",
            "height": 1227.28,
            "paddingHorizontal": 60,
            "paddingTop": 100.05,
            "zIndex": 0,
          },
        ]
      }
    >
      <Text
        style={
          Array [
            Object {
              "color": "#313131",
              "fontFamily": "Karla-Regular",
              "fontSize": 50,
              "fontWeight": "bold",
              "textAlign": "left",
            },
            Object {
              "marginVertical": 40.019999999999996,
            },
          ]
        }
      >
        <Text>
          YESTER
        </Text>
      </Text>
      <Text
        style={
          Array [
            Object {
              "color": "#313131",
              "fontFamily": "Karla-Regular",
              "fontSize": 20,
              "textAlign": "left",
            },
            Object {
              "marginVertical": 40.019999999999996,
            },
          ]
        }
      >
        <Text>
          We know you have beautiful and interesting story. 
        </Text>
        <Text
          style={
            Object {
              "fontWeight": "bold",
            }
          }
        >
          <Text>
            We want to help you, writing yours.
          </Text>
        </Text>
      </Text>
      <Text
        style={
          Array [
            Object {
              "color": "#313131",
              "fontFamily": "Karla-Regular",
              "fontSize": 20,
              "textAlign": "left",
            },
            Object {
              "marginVertical": 40.019999999999996,
            },
          ]
        }
      >
        <Text>
          Receive one conversation starter a day. Try it for FREE a month (then just $4.99/month).
        </Text>
      </Text>
      <View
        accessible={true}
        isTVSelectable={true}
        onResponderGrant={[Function]}
        onResponderMove={[Function]}
        onResponderRelease={[Function]}
        onResponderTerminate={[Function]}
        onResponderTerminationRequest={[Function]}
        onStartShouldSetResponder={[Function]}
        style={
          Array [
            undefined,
            Object {
              "borderRadius": 24,
              "borderWidth": 2,
              "height": 50,
              "justifyContent": "center",
              "shadowColor": "#000",
              "shadowOffset": Object {
                "height": 3,
                "width": 0,
              },
            },
            Object {
              "backgroundColor": "#4241B3",
              "borderColor": "#4241B3",
            },
            Object {
              "width": 300,
            },
          ]
        }
      >
        <View
          style={
            Object {
              "alignItems": "center",
              "flex": 1,
              "flexDirection": "row",
              "justifyContent": "center",
            }
          }
        >
          <Text
            style={
              Array [
                Object {
                  "fontSize": 18,
                  "fontWeight": "bold",
                  "textAlign": "center",
                },
                Object {
                  "color": "#fff",
                },
              ]
            }
          >
            Start free trial
          </Text>
        </View>
      </View>
      <Text
        style={
          Array [
            Object {
              "color": "#313131",
              "fontFamily": "Karla-Regular",
              "fontSize": 16,
              "textAlign": "center",
            },
            Object {
              "marginVertical": 40.019999999999996,
            },
          ]
        }
      >
        <Text>
          $4.99/month after trial ends.
        </Text>
      </Text>
      <View
        accessible={true}
        isTVSelectable={true}
        onResponderGrant={[Function]}
        onResponderMove={[Function]}
        onResponderRelease={[Function]}
        onResponderTerminate={[Function]}
        onResponderTerminationRequest={[Function]}
        onStartShouldSetResponder={[Function]}
        style={
          Array [
            undefined,
            Object {
              "borderRadius": 24,
              "borderWidth": 2,
              "height": 50,
              "justifyContent": "center",
              "shadowColor": "#000",
              "shadowOffset": Object {
                "height": 3,
                "width": 0,
              },
            },
            Object {
              "backgroundColor": "#fff",
              "borderColor": "#4241B3",
            },
            Object {
              "width": 300,
            },
          ]
        }
      >
        <View
          style={
            Object {
              "alignItems": "center",
              "flex": 1,
              "flexDirection": "row",
              "justifyContent": "center",
            }
          }
        >
          <Text
            style={
              Array [
                Object {
                  "fontSize": 18,
                  "fontWeight": "bold",
                  "textAlign": "center",
                },
                Object {
                  "color": "#4241B3",
                },
              ]
            }
          >
            Log In
          </Text>
        </View>
      </View>
      <View
        style={
          Array [
            Object {
              "borderBottomColor": "#4241B3",
              "borderBottomWidth": 1,
            },
            Object {
              "marginVertical": 40.019999999999996,
            },
          ]
        }
      />
      <Text
        style={
          Array [
            Object {
              "color": "#313131",
              "fontFamily": "Karla-Regular",
              "fontSize": 16,
              "fontWeight": "bold",
              "textAlign": "center",
            },
            Object {
              "marginBottom": 13.34,
              "textAlign": "left",
            },
          ]
        }
      >
        <Text>
          Cancel Anytime
        </Text>
      </Text>
      <Text
        style={
          Array [
            Object {
              "color": "#313131",
              "fontFamily": "Karla-Regular",
              "fontSize": 16,
              "textAlign": "center",
            },
            Object {
              "textAlign": "left",
            },
          ]
        }
      >
        <Text>
          At Yester is recurring subscription. If you decide to purchase a subscription, an initial payment will be...
        </Text>
      </Text>
    </View>
  </View>
  <View
    style={
      Object {
        "alignItems": "center",
        "backgroundColor": "#F6F7F9",
        "flex": 1,
        "height": 106.72,
        "justifyContent": "center",
        "marginTop": 1227.28,
        "position": "absolute",
        "width": 750,
        "zIndex": 2,
      }
    }
  >
    <Text
      style={
        Array [
          Object {
            "color": "#313131",
            "fontFamily": "Karla-Regular",
            "fontSize": 20,
            "textAlign": "left",
          },
          Object {
            "textAlign": "center",
          },
        ]
      }
    >
      <Text>
        Already purchased? 
      </Text>
      <Text
        style={
          Array [
            Object {
              "fontWeight": "bold",
              "textDecorationLine": "underline",
            },
          ]
        }
      >
        <Text>
          Restore
        </Text>
      </Text>
    </Text>
  </View>
</View>
`;
