// Jest Snapshot v1, https://goo.gl/fbAQLP

exports[`src/screens/StartTrial.js should render 1`] = `
<View
  style={
    Object {
      "backgroundColor": "#fff",
      "position": "absolute",
    }
  }
>
  <RCTScrollView
    style={
      Array [
        Object {
          "flex": 1,
          "flexDirection": "column",
          "height": 1227.28,
          "paddingHorizontal": 60,
          "paddingTop": 100.05,
          "zIndex": 0,
        },
      ]
    }
  >
    <View>
      <Text
        style={
          Array [
            Object {
              "color": "#309BF8",
              "fontSize": 36,
              "fontWeight": "bold",
              "textAlign": "left",
            },
            Object {
              "marginBottom": 40.019999999999996,
            },
          ]
        }
      >
        <Text
          keyName="caps_title1"
        >
          YESTER
        </Text>
      </Text>
      <Text
        style={
          Array [
            Object {
              "color": "#309BF8",
              "fontSize": 20,
              "textAlign": "left",
            },
            Object {
              "marginBottom": 40.019999999999996,
            },
          ]
        }
      >
        <Text
          keyName="before_lbl1_1"
        >
          We know you have beautiful and interesting story. 
        </Text>
        <Text
          style={
            Object {
              "fontWeight": "bold",
            }
          }
        >
          <Text
            keyName="before_lbl1_2"
          >
            We want to help you, writing yours.
          </Text>
        </Text>
      </Text>
      <Text
        style={
          Array [
            Object {
              "color": "#309BF8",
              "fontSize": 20,
              "textAlign": "left",
            },
            Object {
              "marginBottom": 40.019999999999996,
            },
          ]
        }
      >
        <Text
          keyName="before_lbl2"
        >
          Receive one conversation starter a day. Try it for FREE a month (then just $4.99/month).
        </Text>
      </Text>
      <View
        accessible={true}
        isTVSelectable={true}
        onResponderGrant={[Function]}
        onResponderMove={[Function]}
        onResponderRelease={[Function]}
        onResponderTerminate={[Function]}
        onResponderTerminationRequest={[Function]}
        onStartShouldSetResponder={[Function]}
        style={
          Array [
            Object {
              "padding": 26.68,
            },
            Object {
              "backgroundColor": "#309BF8",
              "borderColor": "#309BF8",
              "borderRadius": 53.36,
              "borderWidth": 2,
            },
          ]
        }
      >
        <Text
          style={
            Array [
              Object {
                "color": "#fff",
                "fontSize": 18,
                "fontWeight": "bold",
                "textAlign": "center",
              },
            ]
          }
        >
          <Text
            keyName="before_lbl7"
          >
            START FREE TRIAL
          </Text>
        </Text>
      </View>
      <Text
        style={
          Array [
            Object {
              "color": "#309BF8",
              "fontSize": 16,
              "textAlign": "center",
            },
            Object {
              "marginBottom": 40.019999999999996,
            },
          ]
        }
      >
        <Text
          keyName="before_lbl3"
        >
          $4.99/month after trial ends.
        </Text>
      </Text>
      <View
        accessible={true}
        isTVSelectable={true}
        onResponderGrant={[Function]}
        onResponderMove={[Function]}
        onResponderRelease={[Function]}
        onResponderTerminate={[Function]}
        onResponderTerminationRequest={[Function]}
        onStartShouldSetResponder={[Function]}
        style={
          Array [
            Object {
              "padding": 26.68,
            },
            Object {
              "backgroundColor": "#fff",
              "borderColor": "#309BF8",
              "borderRadius": 53.36,
              "borderWidth": 2,
            },
            Object {
              "marginBottom": 40.019999999999996,
            },
          ]
        }
      >
        <Text
          style={
            Array [
              Object {
                "color": "#fff",
                "fontSize": 18,
                "fontWeight": "bold",
                "textAlign": "center",
              },
              Object {
                "color": "#309BF8",
              },
            ]
          }
        >
          <Text
            keyName="before_lbl8"
          >
            Log In
          </Text>
        </Text>
      </View>
      <View
        style={
          Array [
            Object {
              "borderBottomColor": "#309BF8",
              "borderBottomWidth": 1,
            },
            Object {
              "marginBottom": 40.019999999999996,
            },
          ]
        }
      />
      <Text
        style={
          Array [
            Object {
              "color": "#309BF8",
              "fontSize": 16,
              "fontWeight": "bold",
              "textAlign": "center",
            },
            Object {
              "marginBottom": 13.34,
              "textAlign": "left",
            },
          ]
        }
      >
        <Text
          keyName="before_lbl4"
        >
          Cancel Anytime
        </Text>
      </Text>
      <Text
        style={
          Array [
            Object {
              "color": "#309BF8",
              "fontSize": 16,
              "textAlign": "center",
            },
            Object {
              "textAlign": "left",
            },
          ]
        }
      >
        <Text
          keyName="before_lbl5"
        >
          At Yester is recurring subscription. If you decide to purchase a subscription, an initial payment will be...
        </Text>
      </Text>
    </View>
  </RCTScrollView>
  <View
    style={
      Object {
        "alignItems": "center",
        "backgroundColor": "#BDE0FC",
        "flex": 1,
        "height": 106.72,
        "justifyContent": "center",
        "marginTop": 1227.28,
        "position": "absolute",
        "width": 750,
        "zIndex": 2,
      }
    }
  >
    <Text
      style={
        Array [
          Object {
            "color": "#309BF8",
            "fontSize": 20,
            "textAlign": "left",
          },
          Object {
            "textAlign": "center",
          },
        ]
      }
    >
      <Text
        keyName="before_lbl6_1"
      >
        Already purchased? 
      </Text>
      <Text
        style={
          Array [
            Object {
              "fontWeight": "bold",
              "textDecorationLine": "underline",
            },
          ]
        }
      >
        <Text
          keyName="before_lbl6_2"
        >
          Restore
        </Text>
      </Text>
    </Text>
  </View>
</View>
`;
