// Jest Snapshot v1, https://goo.gl/fbAQLP

exports[`src/screens/Writing.js should render 1`] = `
<View
  style={
    Array [
      Object {
        "backgroundColor": "#F6F7F9",
        "flex": 1,
      },
      Object {
        "backgroundColor": "#F6F7F9",
      },
      undefined,
    ]
  }
>
  <View
    style={
      Object {
        "alignItems": "center",
        "backgroundColor": "#1E1437",
        "flexDirection": "row",
        "justifyContent": "center",
        "minHeight": 70,
        "paddingTop": 20,
        "width": "100%",
      }
    }
  >
    <Text
      style={
        Object {
          "color": "#fff",
          "fontSize": 20,
          "fontWeight": "bold",
        }
      }
    >
      Writing
    </Text>
  </View>
  <View
    style={
      Object {
        "backgroundColor": "#F6F7F9",
        "paddingHorizontal": 29,
      }
    }
  >
    <View
      accessibilityComponentType="button"
      accessibilityTraits={
        Array [
          "button",
        ]
      }
      accessible={true}
      isTVSelectable={true}
      onResponderGrant={[Function]}
      onResponderMove={[Function]}
      onResponderRelease={[Function]}
      onResponderTerminate={[Function]}
      onResponderTerminationRequest={[Function]}
      onStartShouldSetResponder={[Function]}
      style={
        Object {
          "opacity": 1,
        }
      }
    >
      <View
        style={
          Array [
            Object {},
          ]
        }
      >
        <Text
          style={
            Array [
              Object {
                "color": "#007AFF",
                "fontSize": 18,
                "padding": 8,
                "textAlign": "center",
              },
            ]
          }
        >
          to Reading
        </Text>
      </View>
    </View>
    <Text
      style={
        Array [
          Object {
            "color": "#313131",
            "fontFamily": "Karla-Regular",
            "textAlign": "left",
          },
          Object {
            "fontSize": 25,
            "fontWeight": "bold",
          },
          undefined,
        ]
      }
    >
      Title
    </Text>
    <Text
      style={
        Array [
          Object {
            "color": "#313131",
            "fontFamily": "Karla-Regular",
            "textAlign": "left",
          },
          Object {
            "fontSize": 14,
          },
          undefined,
        ]
      }
    >
      By Luis Galvez
    </Text>
    <TextInput
      allowFontScaling={true}
      maxLength={1000}
      multiline={true}
      style={
        Object {
          "backgroundColor": "#fff",
          "fontFamily": "Karla-Regular",
          "fontSize": 16,
          "height": 400,
          "marginTop": 30,
          "paddingHorizontal": 15,
          "paddingTop": 15,
          "textAlign": "justify",
          "textAlignVertical": "top",
        }
      }
      underlineColorAndroid="transparent"
    />
  </View>
</View>
`;
